[withumair.com/confirmation-350019.html]
[withumair.com/index.html]
[backblue.gif]
[fade.gif]
[index.html]
[stcdn.leadconnectorhq.com/intl-tel-input/17.0.12/img/flags.png]
[stcdn.leadconnectorhq.com/_preview/Bfx9ueE_.js]
[stcdn.leadconnectorhq.com/_preview/DMveWpan.js]
[stcdn.leadconnectorhq.com/_preview/mjlJy89m.js]
[stcdn.leadconnectorhq.com/_preview/Ms7JwdUZ.js]
[stcdn.leadconnectorhq.com/_preview/DYa7OZHt.js]
[withumair.com/cdn-cgi/l/email-protection]
[stcdn.leadconnectorhq.com/_preview/DKgIk2Ip.js]
[stcdn.leadconnectorhq.com/_preview/Daug-Kll.js]
[stcdn.leadconnectorhq.com/_preview/DcUmViOC.js]
[stcdn.leadconnectorhq.com/_preview/AXT-SMrU.js]
[stcdn.leadconnectorhq.com/_preview/BgvTlRCS.js]
[withumair.com/confirmation-page]
[withumair.com/index.html]
[stcdn.leadconnectorhq.com/_preview/D68WIYZ5.js]
[stcdn.leadconnectorhq.com/_preview/DUIwg4bG.js]
[stcdn.leadconnectorhq.com/_preview/BhiFP3x4.js]
[stcdn.leadconnectorhq.com/_preview/B37-oF4L.js]
[stcdn.leadconnectorhq.com/_preview/CDDqUNXQ.js]
[stcdn.leadconnectorhq.com/_preview/j6CEGeyC.js]
[stcdn.leadconnectorhq.com/_preview/Dgf6m4fo.js]
[stcdn.leadconnectorhq.com/_preview/CiooPct7.js]
[stcdn.leadconnectorhq.com/_preview/DGsDz6wK.js]
[stcdn.leadconnectorhq.com/_preview/BNQXmI4e.js]
[stcdn.leadconnectorhq.com/_preview/CenvAvwo.js]
[stcdn.leadconnectorhq.com/_preview/CwfAAw6V.js]
[stcdn.leadconnectorhq.com/_preview/DCQut55O.js]
[stcdn.leadconnectorhq.com/_preview/D8S0jVv3.js]
[stcdn.leadconnectorhq.com/_preview/BjBgipE0.js]
[stcdn.leadconnectorhq.com/_preview/DPku3Klj.js]
[stcdn.leadconnectorhq.com/_preview/CFSj3MMp.js]
[stcdn.leadconnectorhq.com/_preview/BrzfDWvj.js]
[stcdn.leadconnectorhq.com/_preview/RR41K95g.js]
[stcdn.leadconnectorhq.com/_preview/DorEByhX.js]
[stcdn.leadconnectorhq.com/_preview/C6ssP6FB.js]
[stcdn.leadconnectorhq.com/_preview/CK00PMDs.js]
[stcdn.leadconnectorhq.com/_preview/CxDeCm0a.js]
[stcdn.leadconnectorhq.com/_preview/xVIODBkQ.js]
[stcdn.leadconnectorhq.com/_preview/DIkPCKOl.js]
[stcdn.leadconnectorhq.com/_preview/FwD7Qwon.js]
[stcdn.leadconnectorhq.com/_preview/ClLGOmlc.js]
[stcdn.leadconnectorhq.com/_preview/b39E4duh.js]
[stcdn.leadconnectorhq.com/_preview/B9SCs3-T.js]
[stcdn.leadconnectorhq.com/_preview/Dz3pbIdN.js]
[stcdn.leadconnectorhq.com/_preview/d2uU0i8_.js]
[stcdn.leadconnectorhq.com/_preview/qaoUcEj9.js]
[stcdn.leadconnectorhq.com/_preview/DwsrRz7X.js]
[stcdn.leadconnectorhq.com/_preview/JOmZVO-M.js]
[stcdn.leadconnectorhq.com/_preview/aVqSRMqJ.js]
[stcdn.leadconnectorhq.com/_preview/DZpjUiJa.js]
[stcdn.leadconnectorhq.com/_preview/Cy6SHQRu.js]
[stcdn.leadconnectorhq.com/_preview/CLy5mhe_.js]
[stcdn.leadconnectorhq.com/_preview/-F0tWscJ.js]
[stcdn.leadconnectorhq.com/_preview/KxH5D2Mq.js]
[stcdn.leadconnectorhq.com/_preview/tZJUzX9Q.js]
[stcdn.leadconnectorhq.com/_preview/BvjwWqTm.js]
[assets.cdn.filesafe.space/B3a6hs9JTYdYyIDQkauN/media/69dce8884753e162ccc93ebe.jpg]
[img.youtube.com/vi/Y_L9g_aFQsM/maxresdefault.jpg]
[app.cal.com/embed/embed.js]
[assets.cdn.filesafe.space/B3a6hs9JTYdYyIDQkauN/media/69e0bb3b86b70ace4c4df13e.png]
[assets.cdn.filesafe.space/B3a6hs9JTYdYyIDQkauN/media/69e0ab60109243d2cc3e248e.png]
[static.videoask.com/embed/embed.js]
[stcdn.leadconnectorhq.com/funnel/img/video.png]
[withumair.com/cdn-cgi/scripts/5c5dd728/cloudflare-static/email-decode.min.js]
[withumair.com/Video Thumbnail.41.delayed]
[withumair.com/confirmation-350019.html]
[withumair.com/cdn-cgi/l/email-protection.html]
[withumair.com/confirmation-page.html]
[withumair.com/Video Thumbnail.html]
